// Jest Snapshot v1, https://goo.gl/fbAQLP

exports[`authReducer should clear all the errors in state when the type is REMOVE_AN_ERRORS 1`] = `Object {}`;

exports[`authReducer should return the default state if no action is specified 1`] = `Object {}`;

exports[`authReducer should update the state and remove an error when type is REMOVE_AN_ERRORS and errorName is specified in the action 1`] = `
Object {
  "username": "",
}
`;

exports[`authReducer should update the state and set errors when type is SET_ERRORS and action is specified 1`] = `
Object {
  "username": Array [
    "username is required",
  ],
}
`;
