// Jest Snapshot v1, https://goo.gl/fbAQLP

exports[`The LoadingSpinner Component Test Suite should render the LoadingSpinner component 1`] = `
ShallowWrapper {
  Symbol(enzyme.__root__): [Circular],
  Symbol(enzyme.__unrendered__): <LoadingSpinner />,
  Symbol(enzyme.__renderer__): Object {
    "batchedUpdates": [Function],
    "getNode": [Function],
    "render": [Function],
    "simulateError": [Function],
    "simulateEvent": [Function],
    "unmount": [Function],
  },
  Symbol(enzyme.__node__): Object {
    "instance": null,
    "key": undefined,
    "nodeType": "host",
    "props": Object {
      "children": <onlyUpdateForKeys(Loader)
        color="#2C4D45"
        css={
          Object {
            "map": "/*# sourceMappingURL=data:application/json;charset=utf-8;base64,eyJ2ZXJzaW9uIjozLCJzb3VyY2VzIjpbIkxvYWRpbmdTcGlubmVyLmpzeCJdLCJuYW1lcyI6W10sIm1hcHBpbmdzIjoiQUFJb0IiLCJmaWxlIjoiTG9hZGluZ1NwaW5uZXIuanN4Iiwic291cmNlc0NvbnRlbnQiOlsiaW1wb3J0IFJlYWN0IGZyb20gJ3JlYWN0JztcbmltcG9ydCB7IGNzcyB9IGZyb20gJ0BlbW90aW9uL2NvcmUnO1xuaW1wb3J0IHsgRG90TG9hZGVyIH0gZnJvbSAncmVhY3Qtc3Bpbm5lcnMnO1xuXG5jb25zdCBvdmVycmlkZSA9IGNzc2BcbiAgZGlzcGxheTogYmxvY2s7XG4gIG1hcmdpbjogMCBhdXRvO1xuICBib3JkZXItY29sb3I6IHJlZDtcbmA7XG5cbmNvbnN0IExvYWRpbmdTcGlubmVyID0gKHsgaXNMb2FkaW5nIH0pID0+IChcbiAgPGRpdiBjbGFzc05hbWU9XCJjb2wtbWQtMTIgdGV4dC1jZW50ZXIgc3dlZXQtbG9hZGluZ1wiPlxuICAgIDxEb3RMb2FkZXIgY3NzPXtvdmVycmlkZX0gc2l6ZVVuaXQ9XCJweFwiIHNpemU9ezE1MH0gY29sb3I9XCIjMkM0RDQ1XCIgbG9hZGluZz17aXNMb2FkaW5nfSAvPlxuICA8L2Rpdj5cbik7XG5cbmV4cG9ydCBkZWZhdWx0IExvYWRpbmdTcGlubmVyO1xuIl19 */",
            "name": "3vn6pu-override",
            "styles": "display:block;margin:0 auto;border-color:red;label:override;",
          }
        }
        loading={true}
        size={150}
        sizeUnit="px"
      />,
      "className": "col-md-12 text-center sweet-loading",
    },
    "ref": null,
    "rendered": Object {
      "instance": null,
      "key": undefined,
      "nodeType": "class",
      "props": Object {
        "color": "#2C4D45",
        "css": Object {
          "map": "/*# sourceMappingURL=data:application/json;charset=utf-8;base64,eyJ2ZXJzaW9uIjozLCJzb3VyY2VzIjpbIkxvYWRpbmdTcGlubmVyLmpzeCJdLCJuYW1lcyI6W10sIm1hcHBpbmdzIjoiQUFJb0IiLCJmaWxlIjoiTG9hZGluZ1NwaW5uZXIuanN4Iiwic291cmNlc0NvbnRlbnQiOlsiaW1wb3J0IFJlYWN0IGZyb20gJ3JlYWN0JztcbmltcG9ydCB7IGNzcyB9IGZyb20gJ0BlbW90aW9uL2NvcmUnO1xuaW1wb3J0IHsgRG90TG9hZGVyIH0gZnJvbSAncmVhY3Qtc3Bpbm5lcnMnO1xuXG5jb25zdCBvdmVycmlkZSA9IGNzc2BcbiAgZGlzcGxheTogYmxvY2s7XG4gIG1hcmdpbjogMCBhdXRvO1xuICBib3JkZXItY29sb3I6IHJlZDtcbmA7XG5cbmNvbnN0IExvYWRpbmdTcGlubmVyID0gKHsgaXNMb2FkaW5nIH0pID0+IChcbiAgPGRpdiBjbGFzc05hbWU9XCJjb2wtbWQtMTIgdGV4dC1jZW50ZXIgc3dlZXQtbG9hZGluZ1wiPlxuICAgIDxEb3RMb2FkZXIgY3NzPXtvdmVycmlkZX0gc2l6ZVVuaXQ9XCJweFwiIHNpemU9ezE1MH0gY29sb3I9XCIjMkM0RDQ1XCIgbG9hZGluZz17aXNMb2FkaW5nfSAvPlxuICA8L2Rpdj5cbik7XG5cbmV4cG9ydCBkZWZhdWx0IExvYWRpbmdTcGlubmVyO1xuIl19 */",
          "name": "3vn6pu-override",
          "styles": "display:block;margin:0 auto;border-color:red;label:override;",
        },
        "loading": true,
        "size": 150,
        "sizeUnit": "px",
      },
      "ref": null,
      "rendered": null,
      "type": [Function],
    },
    "type": "div",
  },
  Symbol(enzyme.__nodes__): Array [
    Object {
      "instance": null,
      "key": undefined,
      "nodeType": "host",
      "props": Object {
        "children": <onlyUpdateForKeys(Loader)
          color="#2C4D45"
          css={
            Object {
              "map": "/*# sourceMappingURL=data:application/json;charset=utf-8;base64,eyJ2ZXJzaW9uIjozLCJzb3VyY2VzIjpbIkxvYWRpbmdTcGlubmVyLmpzeCJdLCJuYW1lcyI6W10sIm1hcHBpbmdzIjoiQUFJb0IiLCJmaWxlIjoiTG9hZGluZ1NwaW5uZXIuanN4Iiwic291cmNlc0NvbnRlbnQiOlsiaW1wb3J0IFJlYWN0IGZyb20gJ3JlYWN0JztcbmltcG9ydCB7IGNzcyB9IGZyb20gJ0BlbW90aW9uL2NvcmUnO1xuaW1wb3J0IHsgRG90TG9hZGVyIH0gZnJvbSAncmVhY3Qtc3Bpbm5lcnMnO1xuXG5jb25zdCBvdmVycmlkZSA9IGNzc2BcbiAgZGlzcGxheTogYmxvY2s7XG4gIG1hcmdpbjogMCBhdXRvO1xuICBib3JkZXItY29sb3I6IHJlZDtcbmA7XG5cbmNvbnN0IExvYWRpbmdTcGlubmVyID0gKHsgaXNMb2FkaW5nIH0pID0+IChcbiAgPGRpdiBjbGFzc05hbWU9XCJjb2wtbWQtMTIgdGV4dC1jZW50ZXIgc3dlZXQtbG9hZGluZ1wiPlxuICAgIDxEb3RMb2FkZXIgY3NzPXtvdmVycmlkZX0gc2l6ZVVuaXQ9XCJweFwiIHNpemU9ezE1MH0gY29sb3I9XCIjMkM0RDQ1XCIgbG9hZGluZz17aXNMb2FkaW5nfSAvPlxuICA8L2Rpdj5cbik7XG5cbmV4cG9ydCBkZWZhdWx0IExvYWRpbmdTcGlubmVyO1xuIl19 */",
              "name": "3vn6pu-override",
              "styles": "display:block;margin:0 auto;border-color:red;label:override;",
            }
          }
          loading={true}
          size={150}
          sizeUnit="px"
        />,
        "className": "col-md-12 text-center sweet-loading",
      },
      "ref": null,
      "rendered": Object {
        "instance": null,
        "key": undefined,
        "nodeType": "class",
        "props": Object {
          "color": "#2C4D45",
          "css": Object {
            "map": "/*# sourceMappingURL=data:application/json;charset=utf-8;base64,eyJ2ZXJzaW9uIjozLCJzb3VyY2VzIjpbIkxvYWRpbmdTcGlubmVyLmpzeCJdLCJuYW1lcyI6W10sIm1hcHBpbmdzIjoiQUFJb0IiLCJmaWxlIjoiTG9hZGluZ1NwaW5uZXIuanN4Iiwic291cmNlc0NvbnRlbnQiOlsiaW1wb3J0IFJlYWN0IGZyb20gJ3JlYWN0JztcbmltcG9ydCB7IGNzcyB9IGZyb20gJ0BlbW90aW9uL2NvcmUnO1xuaW1wb3J0IHsgRG90TG9hZGVyIH0gZnJvbSAncmVhY3Qtc3Bpbm5lcnMnO1xuXG5jb25zdCBvdmVycmlkZSA9IGNzc2BcbiAgZGlzcGxheTogYmxvY2s7XG4gIG1hcmdpbjogMCBhdXRvO1xuICBib3JkZXItY29sb3I6IHJlZDtcbmA7XG5cbmNvbnN0IExvYWRpbmdTcGlubmVyID0gKHsgaXNMb2FkaW5nIH0pID0+IChcbiAgPGRpdiBjbGFzc05hbWU9XCJjb2wtbWQtMTIgdGV4dC1jZW50ZXIgc3dlZXQtbG9hZGluZ1wiPlxuICAgIDxEb3RMb2FkZXIgY3NzPXtvdmVycmlkZX0gc2l6ZVVuaXQ9XCJweFwiIHNpemU9ezE1MH0gY29sb3I9XCIjMkM0RDQ1XCIgbG9hZGluZz17aXNMb2FkaW5nfSAvPlxuICA8L2Rpdj5cbik7XG5cbmV4cG9ydCBkZWZhdWx0IExvYWRpbmdTcGlubmVyO1xuIl19 */",
            "name": "3vn6pu-override",
            "styles": "display:block;margin:0 auto;border-color:red;label:override;",
          },
          "loading": true,
          "size": 150,
          "sizeUnit": "px",
        },
        "ref": null,
        "rendered": null,
        "type": [Function],
      },
      "type": "div",
    },
  ],
  Symbol(enzyme.__options__): Object {
    "adapter": ReactSixteenAdapter {
      "options": Object {
        "enableComponentDidUpdateOnSetState": true,
        "lifecycles": Object {
          "componentDidUpdate": Object {
            "onSetState": true,
          },
          "getDerivedStateFromProps": true,
          "getSnapshotBeforeUpdate": true,
          "setState": Object {
            "skipsComponentDidUpdateOnNullish": true,
          },
        },
      },
    },
  },
}
`;
