// Jest Snapshot v1, https://goo.gl/fbAQLP

exports[`Render <ModalButton /> should match the snapshot 1`] = `
<Fragment>
  <Button
    Class=""
    label="Default"
    onClick={[Function]}
    type="default"
  />
  <Modal
    autoFocus={true}
    backdrop={true}
    backdropTransition={
      Object {
        "mountOnEnter": true,
        "timeout": 150,
      }
    }
    centered={false}
    fade={true}
    isOpen={false}
    keyboard={true}
    modalTransition={
      Object {
        "timeout": 300,
      }
    }
    onClosed={[Function]}
    onOpened={[Function]}
    role="dialog"
    toggle={[Function]}
    zIndex={1050}
  >
    <ModalHeader
      charCode={215}
      closeAriaLabel="Close"
      tag="h5"
      toggle={[Function]}
      wrapTag="div"
    />
    <ModalBody
      tag="div"
    />
  </Modal>
</Fragment>
`;
