// Jest Snapshot v1, https://goo.gl/fbAQLP

exports[`Testing the App should match the snapshot 1`] = `
<header
  className="header"
>
  <nav
    className="navbar navbar-expand-lg navbar-light bg-light"
  >
    <Link
      replace={false}
      to="/"
    >
      <img
        alt="heimdal-logo"
        className="logo"
        src="/public/images/logo.png"
      />
    </Link>
    <div
      className="collapse navbar-collapse"
      id="navbarSupportedContent"
    >
      <ul
        className="navbar-nav mr-auto"
      >
        <NavItems />
      </ul>
      <div
        className="header-button-group"
      >
        <Link
          replace={false}
          to="/signup"
        >
          <button
            className="header-button"
            type="button"
          >
            Signup
          </button>
        </Link>
        <Link
          replace={false}
          to="/login"
        >
          <button
            className="header-button"
            type="button"
          >
            Login
          </button>
        </Link>
      </div>
      <form
        className="header-form form-inline my-2 my-lg-0"
      >
        <div
          className="header-input"
        >
          <input
            aria-label="Search"
            className="form-control  mr-sm-2"
            placeholder="Search"
            type="search"
          />
        </div>
        <div
          className="search_icon"
          onClick={[Function]}
        >
          <i
            className="fas fa-search"
          />
        </div>
      </form>
    </div>
  </nav>
</header>
`;
